----- SCCM Tasks -----
Clean Computer from bad TS;.\Bin\SCCM\CleanComputersfromBadTS\CleanComputerFromBadTS.Sequence.xml
Reinstall the SCCM Client;.\Bin\SCCM\Reinstall SCCM agent\ReinstallSCCMClient.Sequence.xml
Clean SCCM Client Cache;.\Bin\SCCM\CleanSCCMCache\DeleteSCCMCache.Sequence.xml
Agent HealthCheck - Formatted;.\Bin\SCCM\SCCMHealthCheck\SCCMHealthCheckFormatted.Sequence.xml
Delete Computer;.\Bin\SCCM\DeleteComputer\DeleteComputer.Sequence.xml
Repair Windows Update;.\Bin\SCCM\SoftwareUpdatesRepair\SoftwareUpdatesRepair.Sequence.xml
Add Computers to Collection;.\Bin\SCCM\ADD2Collections\addcomputers.sequence.xml
Add Collections to Collection;.\Bin\SCCM\ADD2Collections\addcollections.sequence.xml
----- File/Folder Operations & Checks -----
Check Files in Specific Filepaths;.\Bin\FileOps\Checkfiles\CheckFiles.Sequence.xml
Copy Files to Specific Filepaths;.\Bin\FileOps\CopyFiles\CopyFiles1.Sequence.xml
Copy Files from Source to Target Folder;.\Bin\FileOps\CopyFiles\CopyFiles2.Sequence.xml
Delete Files from Specific Filepaths;.\Bin\FileOps\DeleteFiles\DeleteFiles.Sequence.xml
File (Version) Check;.\Bin\FileOps\CheckFileVersion\CheckFileVersion.Sequence.xml
CreateFolders;.\Bin\FileOps\CreateFolders\CreateFolders.Sequence.xml
----- Software Queries & Checks -----
Firefox Version;.\Bin\Checks\FirefoxVersionCheck\FirefoxVersionCheck.Sequence.xml
Registry Queries;.\Bin\Checks\RegQueries\RegQueries.sequence.xml
Power Management Check;.\Bin\Checks\PMESettingsCheck\PMESettingsCheck.Sequence.xml
HotFixes Check;.\Bin\Checks\HotfixesCheck\HotfixesCheck.Sequence.xml
Last HotFix Install Date;.\Bin\Checks\HotfixesCheck\LastHotfixInstallDateCheck.Sequence.xml
Check String in File;.\Bin\Checks\CheckStringInFile\CheckStringInFile.Sequence.xml
Search For pattern;.\Bin\Checks\SearchForPattern\SearchForPattern.Sequence.xml
----- Tasks -----
Check Device Type (WKS, LPT, HVD);.\Bin\Tasks\ChasisType\Check_DeviceType.Sequence.xml
Display last 48 Hours Reboots;.\Bin\Tasks\CountReboots\DisplayShutdownsAndReboots.Sequence.xml
Display the current user logged on;.\Bin\Tasks\LoggedOnUser\LoggedOnUser.Sequence.xml
Get the MAC Address;.\Bin\Tasks\GetMACAddress\GetMACAddress.Sequence.xml
Get the OS Installation Date;.\Bin\Tasks\OSInstallDate\Check_OS_InstallDate.Sequence.xml 
Ping Machines (DNS Query);.\Bin\Tasks\PingDNS\PingDNS.Sequence.xml
Reboot Machines;.\Bin\Tasks\RebootMachines\RebootMachines.Sequence.xml
Search for installed KB;.\Bin\Tasks\Check_Updates_KB\Check_Updates_KB.Sequence.xml
Get Free Space in C Drive;.\Bin\Tasks\GetCDriveFreeSpace\GetCDriveFreeSpace.Sequence.xml
Resolve IP to DNS;.\Bin\Tasks\IPToDNS\GetNameFromIP.sequence.xml
Check certificates expiration;.\Bin\ING\certificates\certificates.sequence.xml
Renew Certificates;.\Bin\Tasks\RenewCertificate\RenewCertificate.Sequence.xml
Service - Check Status;.\Bin\Tasks\ServiceState\ServiceState.sequence.xml
Service - Action;.\Bin\Tasks\ServiceAction\ServiceAction.sequence.xml