----- Active Directory -----
Users - Get User Info;.\Bin\AD\Users\UserGetInfo.Sequence.xml
Users - Get password Last Change;.\Bin\AD\Users\passwordlastset.sequence.xml
----- McAfee Tasks -----
Check McAfee Stack;.\Bin\McAfee\McAfeeCheck.Sequence.xml
----- SCCM Tasks -----
Agent HealthCheck - Formatted;.\Bin\SCCM\SCCMHealthCheck\SCCMHealthCheckFormatted.Sequence.xml
Agent HealthCheck - 1. Headers;.\Bin\SCCM\SCCMHealthCheck\SCCMHeaders.Sequence.xml
Agent HealthCheck - 2. Process;.\Bin\SCCM\SCCMHealthCheck\SCCMHealthCheck.Sequence.xml
----- File/Folder Operations & Checks -----
Check Files in Specific Filepaths;.\Bin\FileOps\Checkfiles\CheckFiles.Sequence.xml
File (Version) Check;.\Bin\FileOps\CheckFileVersion\CheckFileVersion.Sequence.xml
Test Path;.\Bin\FileOps\TestPath\TestPath.Sequence.xml
----- Software Queries & Checks -----
Firefox Version;.\Bin\Checks\FirefoxVersionCheck\FirefoxVersionCheck.Sequence.xml
Internet Explorer Version;.\Bin\Checks\IECheck\IECheck.Sequence.xml
Registry Queries;.\Bin\Checks\RegQueries\RegQueries.sequence.xml
Check String in File;.\Bin\Checks\CheckStringInFile\CheckStringInFile.Sequence.xml
Search For pattern;.\Bin\Checks\SearchForPattern\SearchForPattern.Sequence.xml
----- Tasks -----
Display last 24 Hours Reboots;.\Bin\Tasks\CountReboots\DisplayShutdownsAndReboots.Sequence.xml
Display the current user logged on;.\Bin\Tasks\LoggedOnUser\LoggedOnUser.Sequence.xml
Get the MAC Address;.\Bin\Tasks\GetMACAddress\GetMACAddress.Sequence.xml
Get the OS Installation Date;.\Bin\Tasks\OSInstallDate\Check_OS_InstallDate.Sequence.xml 
Ping Machines (DNS Query);.\Bin\Tasks\PingDNS\PingDNS.Sequence.xml
Search for installed KB;.\Bin\Tasks\Check_Updates_KB\Check_Updates_KB.Sequence.xml
Get Free Space in C Drive;.Bin\Tasks\GetCDriveFreeSpace\GetCDriveFreeSpace.Sequence.xml
Resolve IP to DNS;.\Bin\Tasks\IPToDNS\GetNameFromIP.sequence.xml
Service - Check Status;.\Bin\Tasks\ServiceState\ServiceState.sequence.xml
